rm: cannot remove 'ghost.txt': No such file or directory
